// Jest Snapshot v1, https://goo.gl/fbAQLP

exports[`component renders 1`] = `
<main
  className="app"
>
  hello world
</main>
`;
